[html.awaikenthemes.com/artistic/design-agency/index.html]
[backblue.gif]
[fade.gif]
[index.html]
[html.awaikenthemes.com/artistic/design-agency/images/favicon.png]
[html.awaikenthemes.com/artistic/design-agency/css/bootstrap.min.css]
[html.awaikenthemes.com/artistic/design-agency/css/slicknav.min.css]
[html.awaikenthemes.com/artistic/design-agency/css/swiper-bundle.min.css]
[html.awaikenthemes.com/artistic/design-agency/css/all.min.css]
[html.awaikenthemes.com/artistic/design-agency/css/animate.css]
[html.awaikenthemes.com/artistic/design-agency/css/magnific-popup.css]
[html.awaikenthemes.com/artistic/design-agency/css/mousecursor.css]
[html.awaikenthemes.com/artistic/design-agency/css/custom.css]
[html.awaikenthemes.com/artistic/design-agency/images/loader.svg]
[html.awaikenthemes.com/artistic/design-agency/images/logo.svg]
[html.awaikenthemes.com/artistic/design-agency/index-2.html]
[html.awaikenthemes.com/artistic/design-agency/index-image.html]
[html.awaikenthemes.com/artistic/design-agency/index-slider.html]
[html.awaikenthemes.com/artistic/design-agency/about.html]
[html.awaikenthemes.com/artistic/design-agency/services.html]
[html.awaikenthemes.com/artistic/design-agency/service-single.html]
[html.awaikenthemes.com/artistic/design-agency/blog.html]
[html.awaikenthemes.com/artistic/design-agency/blog-single.html]
[html.awaikenthemes.com/artistic/design-agency/projects.html]
[html.awaikenthemes.com/artistic/design-agency/project-single.html]
[html.awaikenthemes.com/artistic/design-agency/team.html]
[html.awaikenthemes.com/artistic/design-agency/team-single.html]
[html.awaikenthemes.com/artistic/design-agency/pricing.html]
[html.awaikenthemes.com/artistic/design-agency/testimonial.html]
[html.awaikenthemes.com/artistic/design-agency/image-gallery.html]
[html.awaikenthemes.com/artistic/design-agency/video-gallery.html]
[html.awaikenthemes.com/artistic/design-agency/faqs.html]
[html.awaikenthemes.com/artistic/design-agency/404.html]
[html.awaikenthemes.com/artistic/design-agency/contact.html]
[html.awaikenthemes.com/artistic/design-agency/images/header-btn-dot.svg]
[html.awaikenthemes.com/artistic/design-agency/images/icon-phone-accent.svg]
[html.awaikenthemes.com/artistic/design-agency/images/icon-mail-accent.svg]
[html.awaikenthemes.com/artistic/design-agency/images/icon-location-accent.svg]
[html.awaikenthemes.com/artistic/design-agency/images/icon-phone.svg]
[html.awaikenthemes.com/artistic/design-agency/images/hero-image.png]
[html.awaikenthemes.com/artistic/design-agency/images/explore-more-circle.svg]
[html.awaikenthemes.com/artistic/design-agency/images/client-logo-1.svg]
[html.awaikenthemes.com/artistic/design-agency/images/client-logo-2.svg]
[html.awaikenthemes.com/artistic/design-agency/images/client-logo-3.svg]
[html.awaikenthemes.com/artistic/design-agency/images/client-logo-4.svg]
[html.awaikenthemes.com/artistic/design-agency/images/client-logo-5.svg]
[html.awaikenthemes.com/artistic/design-agency/images/client-logo-6.svg]
[html.awaikenthemes.com/artistic/design-agency/images/satisfy-client-img-1.jpg]
[html.awaikenthemes.com/artistic/design-agency/images/satisfy-client-img-2.jpg]
[html.awaikenthemes.com/artistic/design-agency/images/satisfy-client-img-3.jpg]
[html.awaikenthemes.com/artistic/design-agency/images/satisfy-client-img-4.jpg]
[html.awaikenthemes.com/artistic/design-agency/images/author-1.jpg]
[html.awaikenthemes.com/artistic/design-agency/images/about-author-signature.svg]
[html.awaikenthemes.com/artistic/design-agency/images/about-us-image.jpg]
[html.awaikenthemes.com/artistic/design-agency/images/icon-about-list-item-1.svg]
[html.awaikenthemes.com/artistic/design-agency/images/icon-about-list-item-2.svg]
[html.awaikenthemes.com/artistic/design-agency/images/icon-service-item-1.svg]
[html.awaikenthemes.com/artistic/design-agency/images/service-image-1.jpg]
[html.awaikenthemes.com/artistic/design-agency/images/icon-service-item-2.svg]
[html.awaikenthemes.com/artistic/design-agency/images/service-image-2.jpg]
[html.awaikenthemes.com/artistic/design-agency/images/icon-service-item-3.svg]
[html.awaikenthemes.com/artistic/design-agency/images/service-image-3.jpg]
[html.awaikenthemes.com/artistic/design-agency/images/what-we-do-img-1.jpg]
[html.awaikenthemes.com/artistic/design-agency/images/what-we-do-img-2.jpg]
[html.awaikenthemes.com/artistic/design-agency/images/what-we-do-img-3.jpg]
[html.awaikenthemes.com/artistic/design-agency/images/icon-why-choose-1.svg]
[html.awaikenthemes.com/artistic/design-agency/images/icon-why-choose-2.svg]
[html.awaikenthemes.com/artistic/design-agency/images/why-choose-circle.png]
[html.awaikenthemes.com/artistic/design-agency/images/why-choose-img.png]
[html.awaikenthemes.com/artistic/design-agency/images/icon-why-choose-3.svg]
[html.awaikenthemes.com/artistic/design-agency/images/icon-why-choose-4.svg]
[html.awaikenthemes.com/artistic/design-agency/images/project-1.jpg]
[html.awaikenthemes.com/artistic/design-agency/images/project-2.jpg]
[html.awaikenthemes.com/artistic/design-agency/images/project-3.jpg]
[html.awaikenthemes.com/artistic/design-agency/images/fact-image.jpg]
[html.awaikenthemes.com/artistic/design-agency/images/icon-fact-counter-1.svg]
[html.awaikenthemes.com/artistic/design-agency/images/icon-fact-counter-2.svg]
[html.awaikenthemes.com/artistic/design-agency/images/icon-fact-counter-3.svg]
[html.awaikenthemes.com/artistic/design-agency/images/icon-fact-counter-4.svg]
[html.awaikenthemes.com/artistic/design-agency/images/icon-pricing-benefit-1.svg]
[html.awaikenthemes.com/artistic/design-agency/images/icon-pricing-benefit-2.svg]
[html.awaikenthemes.com/artistic/design-agency/images/icon-pricing-benefit-3.svg]
[html.awaikenthemes.com/artistic/design-agency/images/testimonial-quote.svg]
[html.awaikenthemes.com/artistic/design-agency/images/author-2.jpg]
[html.awaikenthemes.com/artistic/design-agency/images/author-3.jpg]
[html.awaikenthemes.com/artistic/design-agency/images/author-4.jpg]
[html.awaikenthemes.com/artistic/design-agency/images/our-faqs-image.jpg]
[html.awaikenthemes.com/artistic/design-agency/images/icon-faq-cta.svg]
[html.awaikenthemes.com/artistic/design-agency/images/post-1.jpg]
[html.awaikenthemes.com/artistic/design-agency/images/post-2.jpg]
[html.awaikenthemes.com/artistic/design-agency/images/post-3.jpg]
[html.awaikenthemes.com/artistic/design-agency/images/arrow-dark.svg]
[html.awaikenthemes.com/artistic/design-agency/images/footer-logo.svg]
[html.awaikenthemes.com/artistic/design-agency/js/jquery-3.7.1.min.js]
[html.awaikenthemes.com/artistic/design-agency/js/bootstrap.min.js]
[html.awaikenthemes.com/artistic/design-agency/js/validator.min.js]
[html.awaikenthemes.com/artistic/design-agency/js/jquery.slicknav.js]
[html.awaikenthemes.com/artistic/design-agency/js/swiper-bundle.min.js]
[html.awaikenthemes.com/artistic/design-agency/js/jquery.waypoints.min.js]
[html.awaikenthemes.com/artistic/design-agency/js/jquery.counterup.min.js]
[html.awaikenthemes.com/artistic/design-agency/js/isotope.min.js]
[html.awaikenthemes.com/artistic/design-agency/js/jquery.magnific-popup.min.js]
[html.awaikenthemes.com/artistic/design-agency/js/SmoothScroll.js]
[html.awaikenthemes.com/artistic/design-agency/js/parallaxie.js]
[html.awaikenthemes.com/artistic/design-agency/js/gsap.min.js]
[html.awaikenthemes.com/artistic/design-agency/js/magiccursor.js]
[html.awaikenthemes.com/artistic/design-agency/js/SplitText.js]
[html.awaikenthemes.com/artistic/design-agency/js/ScrollTrigger.min.js]
[html.awaikenthemes.com/artistic/design-agency/js/jquery.mb.YTPlayer.min.js]
[html.awaikenthemes.com/artistic/design-agency/js/wow.min.js]
[html.awaikenthemes.com/artistic/design-agency/js/function.js]
[html.awaikenthemes.com/artistic/design-agency/index.html]
[html.awaikenthemes.com/artistic/design-agency/css/bootstrap.min.css]
[html.awaikenthemes.com/artistic/design-agency/css/slicknav.min.css]
[html.awaikenthemes.com/artistic/design-agency/css/swiper-bundle.min.css]
[demo.awaikenthemes.com/assets/js/theme-panel-dynamic.js]
[html.awaikenthemes.com/artistic/design-agency/webfonts/fa-brands-400.woff2]
[html.awaikenthemes.com/artistic/design-agency/webfonts/fa-brands-400.ttf]
[html.awaikenthemes.com/artistic/design-agency/webfonts/fa-regular-400.woff2]
[html.awaikenthemes.com/artistic/design-agency/webfonts/fa-regular-400.ttf]
[html.awaikenthemes.com/artistic/design-agency/webfonts/fa-solid-900.woff2]
[html.awaikenthemes.com/artistic/design-agency/webfonts/fa-solid-900.ttf]
[html.awaikenthemes.com/artistic/design-agency/webfonts/fa-v4compatibility.woff2]
[html.awaikenthemes.com/artistic/design-agency/css/all.min.css]
[html.awaikenthemes.com/artistic/design-agency/css/animate.css]
[html.awaikenthemes.com/artistic/design-agency/css/magnific-popup.css]
[html.awaikenthemes.com/artistic/design-agency/css/mousecursor.css]
[html.awaikenthemes.com/artistic/design-agency/webfonts/fa-v4compatibility.ttf]
[html.awaikenthemes.com/artistic/design-agency/images/section-bg-circle-shape.png]
[html.awaikenthemes.com/artistic/design-agency/images/arrow-accent.svg]
[html.awaikenthemes.com/artistic/design-agency/images/icon-sub-heading.svg]
[html.awaikenthemes.com/artistic/design-agency/images/hero-bg.jpg]
[html.awaikenthemes.com/artistic/design-agency/images/hero-bg-2.jpg]
[html.awaikenthemes.com/artistic/design-agency/images/section-bg-shape-1.png]
[html.awaikenthemes.com/artistic/design-agency/images/service-item-bg.svg]
[html.awaikenthemes.com/artistic/design-agency/images/arrow-white.svg]
[html.awaikenthemes.com/artistic/design-agency/images/section-bg-shape-2.png]
[html.awaikenthemes.com/artistic/design-agency/images/why-choose-box-bg.svg]
[html.awaikenthemes.com/artistic/design-agency/images/section-bg-shape-3.png]
[html.awaikenthemes.com/artistic/design-agency/images/work-step-box-bg.svg]
[html.awaikenthemes.com/artistic/design-agency/images/section-bg-shape-4.png]
[html.awaikenthemes.com/artistic/design-agency/images/fact-counter-item-bg.svg]
[html.awaikenthemes.com/artistic/design-agency/images/pricing-box-bg-shape.svg]
[html.awaikenthemes.com/artistic/design-agency/images/section-bg-shape-5.png]
[html.awaikenthemes.com/artistic/design-agency/images/testimonial-item-bg.svg]
[html.awaikenthemes.com/artistic/design-agency/images/section-bg-shape-6.png]
[html.awaikenthemes.com/artistic/design-agency/images/section-bg-shape-7.png]
[html.awaikenthemes.com/artistic/design-agency/images/work-together-bg.png]
[html.awaikenthemes.com/artistic/design-agency/images/work-together-bg-gradient.png]
[html.awaikenthemes.com/artistic/design-agency/images/page-header-bg.jpg]
[html.awaikenthemes.com/artistic/design-agency/images/mission-vision-item-bg.svg]
[html.awaikenthemes.com/artistic/design-agency/images/service-single-step-bg.svg]
[html.awaikenthemes.com/artistic/design-agency/images/sidebar-cta-bg.svg]
[html.awaikenthemes.com/artistic/design-agency/images/icon-blockquote.svg]
[html.awaikenthemes.com/artistic/design-agency/css/custom.css]
[html.awaikenthemes.com/artistic/design-agency/images/loader.svg]
[html.awaikenthemes.com/artistic/design-agency/images/logo.svg]
[html.awaikenthemes.com/artistic/design-agency/index-2.html]
[html.awaikenthemes.com/artistic/design-agency/index-image.html]
[html.awaikenthemes.com/artistic/design-agency/index-slider.html]
[html.awaikenthemes.com/artistic/design-agency/images/contact-info-box-bg.svg]
[html.awaikenthemes.com/artistic/design-agency/images/our-goal-img.jpg]
[html.awaikenthemes.com/artistic/design-agency/images/our-benefit-image-1.jpg]
[html.awaikenthemes.com/artistic/design-agency/images/our-benefit-image-2.jpg]
[html.awaikenthemes.com/artistic/design-agency/images/team-1.jpg]
[html.awaikenthemes.com/artistic/design-agency/images/team-2.jpg]
[html.awaikenthemes.com/artistic/design-agency/images/team-3.jpg]
[html.awaikenthemes.com/artistic/design-agency/images/team-4.jpg]
[html.awaikenthemes.com/artistic/design-agency/images/our-client-1.svg]
[html.awaikenthemes.com/artistic/design-agency/images/our-client-2.svg]
[html.awaikenthemes.com/artistic/design-agency/images/our-client-3.svg]
[html.awaikenthemes.com/artistic/design-agency/images/our-client-4.svg]
[html.awaikenthemes.com/artistic/design-agency/about.html]
[html.awaikenthemes.com/artistic/design-agency/images/our-client-5.svg]
[html.awaikenthemes.com/artistic/design-agency/images/icon-service-item-4.svg]
[html.awaikenthemes.com/artistic/design-agency/images/service-image-4.jpg]
[html.awaikenthemes.com/artistic/design-agency/images/icon-service-item-5.svg]
[html.awaikenthemes.com/artistic/design-agency/images/service-image-5.jpg]
[html.awaikenthemes.com/artistic/design-agency/images/icon-service-item-6.svg]
[html.awaikenthemes.com/artistic/design-agency/images/service-image-6.jpg]
[html.awaikenthemes.com/artistic/design-agency/services.html]
[html.awaikenthemes.com/artistic/design-agency/images/service-entry-img.jpg]
[html.awaikenthemes.com/artistic/design-agency/images/icon-service-process-step-1.svg]
[html.awaikenthemes.com/artistic/design-agency/images/service-process-step-1.jpg]
[html.awaikenthemes.com/artistic/design-agency/images/icon-service-process-step-2.svg]
[html.awaikenthemes.com/artistic/design-agency/images/service-process-step-2.jpg]
[html.awaikenthemes.com/artistic/design-agency/images/icon-service-process-step-3.svg]
[html.awaikenthemes.com/artistic/design-agency/images/service-process-step-3.jpg]
[html.awaikenthemes.com/artistic/design-agency/images/icon-sidebar-cta.svg]
[html.awaikenthemes.com/artistic/design-agency/service-single.html]
[html.awaikenthemes.com/artistic/design-agency/images/icon-sidebar-cta-phone.svg]
[html.awaikenthemes.com/artistic/design-agency/images/post-4.jpg]
[html.awaikenthemes.com/artistic/design-agency/images/post-5.jpg]
[html.awaikenthemes.com/artistic/design-agency/images/post-6.jpg]
[html.awaikenthemes.com/artistic/design-agency/blog.html]
[html.awaikenthemes.com/artistic/design-agency/blog-single.html]
[html.awaikenthemes.com/artistic/design-agency/images/project-4.jpg]
[html.awaikenthemes.com/artistic/design-agency/images/project-5.jpg]
[html.awaikenthemes.com/artistic/design-agency/images/project-6.jpg]
[html.awaikenthemes.com/artistic/design-agency/images/project-7.jpg]
[html.awaikenthemes.com/artistic/design-agency/images/project-8.jpg]
[html.awaikenthemes.com/artistic/design-agency/images/project-9.jpg]
[html.awaikenthemes.com/artistic/design-agency/projects.html]
[html.awaikenthemes.com/artistic/design-agency/project-single.html]
[html.awaikenthemes.com/artistic/design-agency/images/team-5.jpg]
[html.awaikenthemes.com/artistic/design-agency/images/team-6.jpg]
[html.awaikenthemes.com/artistic/design-agency/team.html]
[html.awaikenthemes.com/artistic/design-agency/team-single.html]
[html.awaikenthemes.com/artistic/design-agency/pricing.html]
[html.awaikenthemes.com/artistic/design-agency/testimonial.html]
[html.awaikenthemes.com/artistic/design-agency/images/icon-testimonial-logo.svg]
[html.awaikenthemes.com/artistic/design-agency/images/gallery-1.jpg]
[html.awaikenthemes.com/artistic/design-agency/images/gallery-2.jpg]
[html.awaikenthemes.com/artistic/design-agency/images/gallery-3.jpg]
[html.awaikenthemes.com/artistic/design-agency/images/gallery-4.jpg]
[html.awaikenthemes.com/artistic/design-agency/images/gallery-5.jpg]
[html.awaikenthemes.com/artistic/design-agency/images/gallery-6.jpg]
[html.awaikenthemes.com/artistic/design-agency/images/gallery-7.jpg]
[html.awaikenthemes.com/artistic/design-agency/images/gallery-8.jpg]
[html.awaikenthemes.com/artistic/design-agency/images/gallery-9.jpg]
[html.awaikenthemes.com/artistic/design-agency/image-gallery.html]
[html.awaikenthemes.com/artistic/design-agency/video-gallery.html]
[html.awaikenthemes.com/artistic/design-agency/faqs.html]
[html.awaikenthemes.com/artistic/design-agency/images/404-error-img.png]
[html.awaikenthemes.com/artistic/design-agency/404.html]
[html.awaikenthemes.com/artistic/design-agency/images/icon-phone-dark.svg]
[html.awaikenthemes.com/artistic/design-agency/images/icon-mail-dark.svg]
[html.awaikenthemes.com/artistic/design-agency/contact.html]
[html.awaikenthemes.com/artistic/design-agency/images/header-btn-dot.svg]
[html.awaikenthemes.com/artistic/design-agency/images/icon-phone-accent.svg]
[html.awaikenthemes.com/artistic/design-agency/images/icon-mail-accent.svg]
[html.awaikenthemes.com/artistic/design-agency/images/icon-location-accent.svg]
[html.awaikenthemes.com/artistic/design-agency/images/icon-phone.svg]
[html.awaikenthemes.com/artistic/design-agency/images/explore-more-circle.svg]
[html.awaikenthemes.com/artistic/design-agency/images/client-logo-1.svg]
[html.awaikenthemes.com/artistic/design-agency/images/client-logo-2.svg]
[html.awaikenthemes.com/artistic/design-agency/images/client-logo-3.svg]
[html.awaikenthemes.com/artistic/design-agency/images/client-logo-4.svg]
[html.awaikenthemes.com/artistic/design-agency/images/client-logo-5.svg]
[html.awaikenthemes.com/artistic/design-agency/images/client-logo-6.svg]
[html.awaikenthemes.com/artistic/design-agency/images/about-author-signature.svg]
[html.awaikenthemes.com/artistic/design-agency/images/icon-about-list-item-1.svg]
[html.awaikenthemes.com/artistic/design-agency/images/icon-about-list-item-2.svg]
[html.awaikenthemes.com/artistic/design-agency/images/icon-service-item-1.svg]
[html.awaikenthemes.com/artistic/design-agency/images/icon-service-item-2.svg]
[html.awaikenthemes.com/artistic/design-agency/images/icon-service-item-3.svg]
[html.awaikenthemes.com/artistic/design-agency/images/icon-why-choose-1.svg]
[html.awaikenthemes.com/artistic/design-agency/images/icon-why-choose-2.svg]
[html.awaikenthemes.com/artistic/design-agency/images/icon-why-choose-3.svg]
[html.awaikenthemes.com/artistic/design-agency/images/icon-why-choose-4.svg]
[html.awaikenthemes.com/artistic/design-agency/images/icon-fact-counter-1.svg]
[html.awaikenthemes.com/artistic/design-agency/images/icon-fact-counter-2.svg]
[html.awaikenthemes.com/artistic/design-agency/images/icon-fact-counter-3.svg]
[html.awaikenthemes.com/artistic/design-agency/images/icon-fact-counter-4.svg]
[html.awaikenthemes.com/artistic/design-agency/images/icon-pricing-benefit-1.svg]
[html.awaikenthemes.com/artistic/design-agency/images/icon-pricing-benefit-2.svg]
[html.awaikenthemes.com/artistic/design-agency/images/icon-pricing-benefit-3.svg]
[html.awaikenthemes.com/artistic/design-agency/images/testimonial-quote.svg]
[html.awaikenthemes.com/artistic/design-agency/images/icon-faq-cta.svg]
[html.awaikenthemes.com/artistic/design-agency/images/arrow-dark.svg]
[html.awaikenthemes.com/artistic/design-agency/images/footer-logo.svg]
[html.awaikenthemes.com/artistic/design-agency/images/arrow-accent.svg]
[html.awaikenthemes.com/artistic/design-agency/images/icon-sub-heading.svg]
[html.awaikenthemes.com/artistic/design-agency/images/service-item-bg.svg]
[html.awaikenthemes.com/artistic/design-agency/images/arrow-white.svg]
[html.awaikenthemes.com/artistic/design-agency/images/why-choose-box-bg.svg]
[html.awaikenthemes.com/artistic/design-agency/images/work-step-box-bg.svg]
[html.awaikenthemes.com/artistic/design-agency/images/fact-counter-item-bg.svg]
[html.awaikenthemes.com/artistic/design-agency/images/pricing-box-bg-shape.svg]
[html.awaikenthemes.com/artistic/design-agency/images/testimonial-item-bg.svg]
[html.awaikenthemes.com/artistic/design-agency/images/mission-vision-item-bg.svg]
[html.awaikenthemes.com/artistic/design-agency/images/service-single-step-bg.svg]
[html.awaikenthemes.com/artistic/design-agency/images/sidebar-cta-bg.svg]
[html.awaikenthemes.com/artistic/design-agency/images/icon-blockquote.svg]
[html.awaikenthemes.com/artistic/design-agency/images/contact-info-box-bg.svg]
[html.awaikenthemes.com/artistic/design-agency/images/our-client-1.svg]
[html.awaikenthemes.com/artistic/design-agency/images/our-client-2.svg]
[html.awaikenthemes.com/artistic/design-agency/images/our-client-3.svg]
[html.awaikenthemes.com/artistic/design-agency/images/our-client-4.svg]
[html.awaikenthemes.com/artistic/design-agency/images/our-client-5.svg]
[html.awaikenthemes.com/artistic/design-agency/images/icon-service-item-4.svg]
[html.awaikenthemes.com/artistic/design-agency/images/icon-service-item-5.svg]
[html.awaikenthemes.com/artistic/design-agency/images/icon-service-item-6.svg]
[html.awaikenthemes.com/artistic/design-agency/images/icon-service-process-step-1.svg]
[html.awaikenthemes.com/artistic/design-agency/images/icon-service-process-step-2.svg]
[html.awaikenthemes.com/artistic/design-agency/images/icon-service-process-step-3.svg]
[html.awaikenthemes.com/artistic/design-agency/images/icon-sidebar-cta.svg]
[html.awaikenthemes.com/artistic/design-agency/images/icon-sidebar-cta-phone.svg]
[html.awaikenthemes.com/artistic/design-agency/images/icon-testimonial-logo.svg]
[html.awaikenthemes.com/artistic/design-agency/images/icon-phone-dark.svg]
[html.awaikenthemes.com/artistic/design-agency/images/icon-mail-dark.svg]
[html.awaikenthemes.com/artistic/design-agency/images/icon-location-dark.svg]
[html.awaikenthemes.com/artistic/design-agency/images/icon-location-dark.svg]
